// Jest Snapshot v1, https://goo.gl/fbAQLP

exports[`<Form /> matches snapshot 1`] = `
<DocumentFragment>
  <div
    class="MuiBox-root css-hk5t7d"
  >
    <div
      class="MuiPaper-root MuiPaper-elevation MuiPaper-rounded MuiPaper-elevation3 form-paper css-3su884-MuiPaper-root"
    >
      <div
        class="MuiBox-root css-0"
      >
        <h4
          class="MuiTypography-root MuiTypography-h4 MuiTypography-gutterBottom css-1vw6mcs-MuiTypography-root"
        >
          The Mac & Cheeses
        </h4>
      </div>
      <div
        class="MuiGrid-root MuiGrid-container MuiGrid-spacing-xs-2 css-ofrcno-MuiGrid-root"
      >
        <div
          class="MuiGrid-root MuiGrid-item css-13i4rnv-MuiGrid-root"
        >
          <div
            class="MuiBox-root css-70qvj9"
          >
            <svg
              aria-hidden="true"
              class="MuiSvgIcon-root MuiSvgIcon-fontSizeMedium css-i4bv87-MuiSvgIcon-root"
              data-testid="CalendarMonthIcon"
              focusable="false"
              viewBox="0 0 24 24"
            >
              <path
                d="M19 4h-1V2h-2v2H8V2H6v2H5c-1.11 0-1.99.9-1.99 2L3 20c0 1.1.89 2 2 2h14c1.1 0 2-.9 2-2V6c0-1.1-.9-2-2-2zm0 16H5V10h14v10zM9 14H7v-2h2v2zm4 0h-2v-2h2v2zm4 0h-2v-2h2v2zm-8 4H7v-2h2v2zm4 0h-2v-2h2v2zm4 0h-2v-2h2v2z"
              />
            </svg>
            <p
              class="MuiTypography-root MuiTypography-body1 css-yyvcc2-MuiTypography-root"
            >
              Friday, November 10
            </p>
          </div>
        </div>
      </div>
      <div
        class="MuiGrid-root MuiGrid-item css-13i4rnv-MuiGrid-root"
      >
        <div
          class="MuiBox-root css-70qvj9"
        >
          <svg
            aria-hidden="true"
            class="MuiSvgIcon-root MuiSvgIcon-fontSizeMedium css-i4bv87-MuiSvgIcon-root"
            data-testid="PlaceIcon"
            focusable="false"
            viewBox="0 0 24 24"
          >
            <path
              d="M12 2C8.13 2 5 5.13 5 9c0 5.25 7 13 7 13s7-7.75 7-13c0-3.87-3.13-7-7-7zm0 9.5c-1.38 0-2.5-1.12-2.5-2.5s1.12-2.5 2.5-2.5 2.5 1.12 2.5 2.5-1.12 2.5-2.5 2.5z"
            />
          </svg>
          <p
            class="MuiTypography-root MuiTypography-body1 css-yyvcc2-MuiTypography-root"
          >
            Surat, India
          </p>
        </div>
      </div>
      <div
        class="MuiGrid-root MuiGrid-container MuiGrid-spacing-xs-2 css-mhc70k-MuiGrid-root"
      >
        <div
          class="MuiGrid-root MuiGrid-item MuiGrid-grid-xs-5 left-form css-k3f0g4-MuiGrid-root"
        >
          1st Partxx
          <div
            class="MuiBox-root css-0"
          >
            <img
              alt="Profile Image"
              src="https://via.placeholder.com/600/51aa97"
              style="width: 90%;"
            />
            <p
              class="MuiTypography-root MuiTypography-body1 css-ahj2mt-MuiTypography-root"
            >
              Lorem Ipsum is simply dummy text of the printing and typesetting industry. Lorem Ipsum has been the industry's standard dummy text ever since the 1500s, when an unknown printer took a galley of type and scrambled it to make a type specimen book. It has survived not only five centuries, but also the leap into electronic typesetting, remaining essentially unchanged. It was popularised in the 1960s with the release of Letraset sheets containing Lorem Ipsum passages, and more recently with desktop publishing software like Aldus PageMaker including versions of Lorem Ipsum.
            </p>
          </div>
        </div>
        <div
          class="MuiGrid-root MuiGrid-item MuiGrid-grid-xs-7 right-form css-uqwprf-MuiGrid-root"
        >
          2nd part
          <div
            class="bg-blue-500 text-white p-4 MuiBox-root css-0"
          >
            <h5
              class="MuiTypography-root MuiTypography-h5 css-ag7rrr-MuiTypography-root"
            >
              Select Tickets
            </h5>
            <p
              class="MuiTypography-root MuiTypography-body1 ticket-heading css-ahj2mt-MuiTypography-root"
            >
              General Admission
            </p>
            <p
              class="MuiTypography-root MuiTypography-body1 css-ahj2mt-MuiTypography-root"
            >
              Lorem Ipsum is simply dummy text of the printing and typesetting industry. Lorem Ipsum has been the industry's standard dummy
            </p>
            <p
              class="MuiTypography-root MuiTypography-body1 css-ahj2mt-MuiTypography-root"
            >
              $1
            </p>
          </div>
          <div
            class="MuiBox-root css-0"
          />
        </div>
      </div>
    </div>
  </div>
</DocumentFragment>
`;
